digraph main {
  main;
  _l0;
  somewhere;
  main -> somewhere;
  _l0 -> somewhere;
}
