digraph main {
  main;
  here;
  there;
  main -> here;
  here -> there;
}
