true
1
true
2
true
-2
true
4
true
-3
true
-2
true
7
true
8
true
-2
false
