true
true
true
true
true
true
true
true
true
true
true
true
false
316.226184874055
